ARM GAS  C:\Users\user\AppData\Local\Temp\cc8IdiP4.s 			page 1


   1              		.cpu cortex-m4
   2              		.arch armv7e-m
   3              		.fpu fpv4-sp-d16
   4              		.eabi_attribute 27, 1
   5              		.eabi_attribute 28, 1
   6              		.eabi_attribute 20, 1
   7              		.eabi_attribute 21, 1
   8              		.eabi_attribute 23, 3
   9              		.eabi_attribute 24, 1
  10              		.eabi_attribute 25, 1
  11              		.eabi_attribute 26, 1
  12              		.eabi_attribute 30, 1
  13              		.eabi_attribute 34, 1
  14              		.eabi_attribute 18, 4
  15              		.file	"Interrupt.c"
  16              		.text
  17              	.Ltext0:
  18              		.cfi_sections	.debug_frame
  19              		.file 1 "Core/Src/Interrupt.c"
  20              		.section	.text.TIM2_IRQHandler,"ax",%progbits
  21              		.align	1
  22              		.global	TIM2_IRQHandler
  23              		.syntax unified
  24              		.thumb
  25              		.thumb_func
  27              	TIM2_IRQHandler:
  28              	.LFB130:
   1:Core/Src/Interrupt.c **** #include "Interrupt.h"
   2:Core/Src/Interrupt.c **** 
   3:Core/Src/Interrupt.c **** volatile uint8_t g_currentLed = 0; // 0..3
   4:Core/Src/Interrupt.c **** volatile uint8_t g_speedIndex = 0; // 0..3
   5:Core/Src/Interrupt.c **** 
   6:Core/Src/Interrupt.c **** /* ===== TIM2 ===== */
   7:Core/Src/Interrupt.c **** void TIM2_IRQHandler(void)
   8:Core/Src/Interrupt.c **** {
  29              		.loc 1 8 1 view -0
  30              		.cfi_startproc
  31              		@ args = 0, pretend = 0, frame = 0
  32              		@ frame_needed = 0, uses_anonymous_args = 0
  33 0000 08B5     		push	{r3, lr}
  34              	.LCFI0:
  35              		.cfi_def_cfa_offset 8
  36              		.cfi_offset 3, -8
  37              		.cfi_offset 14, -4
   9:Core/Src/Interrupt.c ****     if (TIM2->SR & TIM_SR_UIF)
  38              		.loc 1 9 5 view .LVU1
  39              		.loc 1 9 13 is_stmt 0 view .LVU2
  40 0002 4FF08043 		mov	r3, #1073741824
  41 0006 1B69     		ldr	r3, [r3, #16]
  42              		.loc 1 9 8 view .LVU3
  43 0008 13F0010F 		tst	r3, #1
  44 000c 00D1     		bne	.L4
  45              	.L1:
  10:Core/Src/Interrupt.c ****     {
  11:Core/Src/Interrupt.c ****         TIM2->SR &= ~TIM_SR_UIF;
  12:Core/Src/Interrupt.c **** 
  13:Core/Src/Interrupt.c ****         LEDs_AllOff();
ARM GAS  C:\Users\user\AppData\Local\Temp\cc8IdiP4.s 			page 2


  14:Core/Src/Interrupt.c **** 
  15:Core/Src/Interrupt.c ****         g_currentLed = (g_currentLed + 1) & 0x03;
  16:Core/Src/Interrupt.c **** 
  17:Core/Src/Interrupt.c ****         LED_OnIndex(g_currentLed);
  18:Core/Src/Interrupt.c ****     }
  19:Core/Src/Interrupt.c **** }
  46              		.loc 1 19 1 view .LVU4
  47 000e 08BD     		pop	{r3, pc}
  48              	.L4:
  11:Core/Src/Interrupt.c **** 
  49              		.loc 1 11 9 is_stmt 1 view .LVU5
  11:Core/Src/Interrupt.c **** 
  50              		.loc 1 11 13 is_stmt 0 view .LVU6
  51 0010 4FF08042 		mov	r2, #1073741824
  52 0014 1369     		ldr	r3, [r2, #16]
  11:Core/Src/Interrupt.c **** 
  53              		.loc 1 11 18 view .LVU7
  54 0016 23F00103 		bic	r3, r3, #1
  55 001a 1361     		str	r3, [r2, #16]
  13:Core/Src/Interrupt.c **** 
  56              		.loc 1 13 9 is_stmt 1 view .LVU8
  57 001c FFF7FEFF 		bl	LEDs_AllOff
  58              	.LVL0:
  15:Core/Src/Interrupt.c **** 
  59              		.loc 1 15 9 view .LVU9
  15:Core/Src/Interrupt.c **** 
  60              		.loc 1 15 43 is_stmt 0 view .LVU10
  61 0020 044A     		ldr	r2, .L5
  62 0022 1378     		ldrb	r3, [r2]	@ zero_extendqisi2
  15:Core/Src/Interrupt.c **** 
  63              		.loc 1 15 38 view .LVU11
  64 0024 0133     		adds	r3, r3, #1
  15:Core/Src/Interrupt.c **** 
  65              		.loc 1 15 43 view .LVU12
  66 0026 03F00303 		and	r3, r3, #3
  15:Core/Src/Interrupt.c **** 
  67              		.loc 1 15 22 view .LVU13
  68 002a 1370     		strb	r3, [r2]
  17:Core/Src/Interrupt.c ****     }
  69              		.loc 1 17 9 is_stmt 1 view .LVU14
  70 002c 1078     		ldrb	r0, [r2]	@ zero_extendqisi2
  71 002e FFF7FEFF 		bl	LED_OnIndex
  72              	.LVL1:
  73              		.loc 1 19 1 is_stmt 0 view .LVU15
  74 0032 ECE7     		b	.L1
  75              	.L6:
  76              		.align	2
  77              	.L5:
  78 0034 00000000 		.word	g_currentLed
  79              		.cfi_endproc
  80              	.LFE130:
  82              		.section	.text.EXTI0_IRQHandler,"ax",%progbits
  83              		.align	1
  84              		.global	EXTI0_IRQHandler
  85              		.syntax unified
  86              		.thumb
  87              		.thumb_func
ARM GAS  C:\Users\user\AppData\Local\Temp\cc8IdiP4.s 			page 3


  89              	EXTI0_IRQHandler:
  90              	.LFB131:
  20:Core/Src/Interrupt.c **** 
  21:Core/Src/Interrupt.c **** /* ===== EXTI0 (кнопка PA0) ===== */
  22:Core/Src/Interrupt.c **** void EXTI0_IRQHandler(void)
  23:Core/Src/Interrupt.c **** {
  91              		.loc 1 23 1 is_stmt 1 view -0
  92              		.cfi_startproc
  93              		@ args = 0, pretend = 0, frame = 0
  94              		@ frame_needed = 0, uses_anonymous_args = 0
  95 0000 08B5     		push	{r3, lr}
  96              	.LCFI1:
  97              		.cfi_def_cfa_offset 8
  98              		.cfi_offset 3, -8
  99              		.cfi_offset 14, -4
  24:Core/Src/Interrupt.c ****     if (EXTI->PR & EXTI_PR_PR0)
 100              		.loc 1 24 5 view .LVU17
 101              		.loc 1 24 13 is_stmt 0 view .LVU18
 102 0002 094B     		ldr	r3, .L11
 103 0004 5B69     		ldr	r3, [r3, #20]
 104              		.loc 1 24 8 view .LVU19
 105 0006 13F0010F 		tst	r3, #1
 106 000a 00D1     		bne	.L10
 107              	.L7:
  25:Core/Src/Interrupt.c ****     {
  26:Core/Src/Interrupt.c ****         EXTI->PR = EXTI_PR_PR0;
  27:Core/Src/Interrupt.c **** 
  28:Core/Src/Interrupt.c ****         g_speedIndex = (g_speedIndex + 1) & 0x03;
  29:Core/Src/Interrupt.c ****         TIM2_UpdateFrequency(g_speedIndex);
  30:Core/Src/Interrupt.c ****     }
  31:Core/Src/Interrupt.c **** }
 108              		.loc 1 31 1 view .LVU20
 109 000c 08BD     		pop	{r3, pc}
 110              	.L10:
  26:Core/Src/Interrupt.c **** 
 111              		.loc 1 26 9 is_stmt 1 view .LVU21
  26:Core/Src/Interrupt.c **** 
 112              		.loc 1 26 18 is_stmt 0 view .LVU22
 113 000e 064B     		ldr	r3, .L11
 114 0010 0122     		movs	r2, #1
 115 0012 5A61     		str	r2, [r3, #20]
  28:Core/Src/Interrupt.c ****         TIM2_UpdateFrequency(g_speedIndex);
 116              		.loc 1 28 9 is_stmt 1 view .LVU23
  28:Core/Src/Interrupt.c ****         TIM2_UpdateFrequency(g_speedIndex);
 117              		.loc 1 28 43 is_stmt 0 view .LVU24
 118 0014 054A     		ldr	r2, .L11+4
 119 0016 1378     		ldrb	r3, [r2]	@ zero_extendqisi2
  28:Core/Src/Interrupt.c ****         TIM2_UpdateFrequency(g_speedIndex);
 120              		.loc 1 28 38 view .LVU25
 121 0018 0133     		adds	r3, r3, #1
  28:Core/Src/Interrupt.c ****         TIM2_UpdateFrequency(g_speedIndex);
 122              		.loc 1 28 43 view .LVU26
 123 001a 03F00303 		and	r3, r3, #3
  28:Core/Src/Interrupt.c ****         TIM2_UpdateFrequency(g_speedIndex);
 124              		.loc 1 28 22 view .LVU27
 125 001e 1370     		strb	r3, [r2]
  29:Core/Src/Interrupt.c ****     }
ARM GAS  C:\Users\user\AppData\Local\Temp\cc8IdiP4.s 			page 4


 126              		.loc 1 29 9 is_stmt 1 view .LVU28
 127 0020 1078     		ldrb	r0, [r2]	@ zero_extendqisi2
 128 0022 FFF7FEFF 		bl	TIM2_UpdateFrequency
 129              	.LVL2:
 130              		.loc 1 31 1 is_stmt 0 view .LVU29
 131 0026 F1E7     		b	.L7
 132              	.L12:
 133              		.align	2
 134              	.L11:
 135 0028 003C0140 		.word	1073822720
 136 002c 00000000 		.word	g_speedIndex
 137              		.cfi_endproc
 138              	.LFE131:
 140              		.global	g_speedIndex
 141              		.section	.bss.g_speedIndex,"aw",%nobits
 144              	g_speedIndex:
 145 0000 00       		.space	1
 146              		.global	g_currentLed
 147              		.section	.bss.g_currentLed,"aw",%nobits
 150              	g_currentLed:
 151 0000 00       		.space	1
 152              		.text
 153              	.Letext0:
 154              		.file 2 "C:/Users/user/Desktop/Tools/xpack-arm-none-eabi-gcc-13.2.1-1.1/arm-none-eabi/include/mach
 155              		.file 3 "C:/Users/user/Desktop/Tools/xpack-arm-none-eabi-gcc-13.2.1-1.1/arm-none-eabi/include/sys/
 156              		.file 4 "CMSIS/Devices/STM32F4xx/Inc/STM32F429ZI/stm32f429xx.h"
 157              		.file 5 "Core/Inc/Interrupt.h"
 158              		.file 6 "Core/Inc/init.h"
ARM GAS  C:\Users\user\AppData\Local\Temp\cc8IdiP4.s 			page 5


DEFINED SYMBOLS
                            *ABS*:00000000 Interrupt.c
C:\Users\user\AppData\Local\Temp\cc8IdiP4.s:21     .text.TIM2_IRQHandler:00000000 $t
C:\Users\user\AppData\Local\Temp\cc8IdiP4.s:27     .text.TIM2_IRQHandler:00000000 TIM2_IRQHandler
C:\Users\user\AppData\Local\Temp\cc8IdiP4.s:78     .text.TIM2_IRQHandler:00000034 $d
C:\Users\user\AppData\Local\Temp\cc8IdiP4.s:150    .bss.g_currentLed:00000000 g_currentLed
C:\Users\user\AppData\Local\Temp\cc8IdiP4.s:83     .text.EXTI0_IRQHandler:00000000 $t
C:\Users\user\AppData\Local\Temp\cc8IdiP4.s:89     .text.EXTI0_IRQHandler:00000000 EXTI0_IRQHandler
C:\Users\user\AppData\Local\Temp\cc8IdiP4.s:135    .text.EXTI0_IRQHandler:00000028 $d
C:\Users\user\AppData\Local\Temp\cc8IdiP4.s:144    .bss.g_speedIndex:00000000 g_speedIndex
C:\Users\user\AppData\Local\Temp\cc8IdiP4.s:145    .bss.g_speedIndex:00000000 $d
C:\Users\user\AppData\Local\Temp\cc8IdiP4.s:151    .bss.g_currentLed:00000000 $d

UNDEFINED SYMBOLS
LEDs_AllOff
LED_OnIndex
TIM2_UpdateFrequency
