ARM GAS  C:\Users\user\AppData\Local\Temp\cc2HMfNx.s 			page 1


   1              		.cpu cortex-m4
   2              		.arch armv7e-m
   3              		.fpu fpv4-sp-d16
   4              		.eabi_attribute 27, 1
   5              		.eabi_attribute 28, 1
   6              		.eabi_attribute 20, 1
   7              		.eabi_attribute 21, 1
   8              		.eabi_attribute 23, 3
   9              		.eabi_attribute 24, 1
  10              		.eabi_attribute 25, 1
  11              		.eabi_attribute 26, 1
  12              		.eabi_attribute 30, 1
  13              		.eabi_attribute 34, 1
  14              		.eabi_attribute 18, 4
  15              		.file	"main.c"
  16              		.text
  17              	.Ltext0:
  18              		.cfi_sections	.debug_frame
  19              		.file 1 "Core/Src/main.c"
  20              		.section	.text.millis,"ax",%progbits
  21              		.align	1
  22              		.global	millis
  23              		.syntax unified
  24              		.thumb
  25              		.thumb_func
  27              	millis:
  28              	.LFB130:
   1:Core/Src/main.c **** #include <stdint.h>
   2:Core/Src/main.c **** #include "init.h"
   3:Core/Src/main.c **** #include "Interrupt.h"
   4:Core/Src/main.c **** // Посылаю всем привет из второй лабораторной!
   5:Core/Src/main.c **** extern uint32_t SystemCoreClock;
   6:Core/Src/main.c **** volatile uint32_t g_msTicks = 0U; // глобальный счётчик миллисекунд
   7:Core/Src/main.c **** 
   8:Core/Src/main.c **** uint32_t millis(void)
   9:Core/Src/main.c **** {
  29              		.loc 1 9 1 view -0
  30              		.cfi_startproc
  31              		@ args = 0, pretend = 0, frame = 0
  32              		@ frame_needed = 0, uses_anonymous_args = 0
  33              		@ link register save eliminated.
  10:Core/Src/main.c ****     return g_msTicks;
  34              		.loc 1 10 5 view .LVU1
  35              		.loc 1 10 12 is_stmt 0 view .LVU2
  36 0000 014B     		ldr	r3, .L2
  37 0002 1868     		ldr	r0, [r3]
  11:Core/Src/main.c **** }
  38              		.loc 1 11 1 view .LVU3
  39 0004 7047     		bx	lr
  40              	.L3:
  41 0006 00BF     		.align	2
  42              	.L2:
  43 0008 00000000 		.word	g_msTicks
  44              		.cfi_endproc
  45              	.LFE130:
  47              		.section	.text.delay_ms,"ax",%progbits
  48              		.align	1
ARM GAS  C:\Users\user\AppData\Local\Temp\cc2HMfNx.s 			page 2


  49              		.global	delay_ms
  50              		.syntax unified
  51              		.thumb
  52              		.thumb_func
  54              	delay_ms:
  55              	.LVL0:
  56              	.LFB131:
  12:Core/Src/main.c **** 
  13:Core/Src/main.c **** void delay_ms(uint32_t ms)
  14:Core/Src/main.c **** {
  57              		.loc 1 14 1 is_stmt 1 view -0
  58              		.cfi_startproc
  59              		@ args = 0, pretend = 0, frame = 0
  60              		@ frame_needed = 0, uses_anonymous_args = 0
  61              		.loc 1 14 1 is_stmt 0 view .LVU5
  62 0000 38B5     		push	{r3, r4, r5, lr}
  63              	.LCFI0:
  64              		.cfi_def_cfa_offset 16
  65              		.cfi_offset 3, -16
  66              		.cfi_offset 4, -12
  67              		.cfi_offset 5, -8
  68              		.cfi_offset 14, -4
  69 0002 0546     		mov	r5, r0
  15:Core/Src/main.c ****     uint32_t start = millis();
  70              		.loc 1 15 5 is_stmt 1 view .LVU6
  71              		.loc 1 15 22 is_stmt 0 view .LVU7
  72 0004 FFF7FEFF 		bl	millis
  73              	.LVL1:
  74              		.loc 1 15 22 view .LVU8
  75 0008 0446     		mov	r4, r0
  76              	.LVL2:
  16:Core/Src/main.c ****     while ((millis() - start) < ms)
  77              		.loc 1 16 5 is_stmt 1 view .LVU9
  78              	.L5:
  17:Core/Src/main.c ****     {
  18:Core/Src/main.c ****         /* просто ждём */
  19:Core/Src/main.c ****     }
  79              		.loc 1 19 5 view .LVU10
  16:Core/Src/main.c ****     while ((millis() - start) < ms)
  80              		.loc 1 16 31 discriminator 1 view .LVU11
  16:Core/Src/main.c ****     while ((millis() - start) < ms)
  81              		.loc 1 16 13 is_stmt 0 discriminator 1 view .LVU12
  82 000a FFF7FEFF 		bl	millis
  83              	.LVL3:
  16:Core/Src/main.c ****     while ((millis() - start) < ms)
  84              		.loc 1 16 22 discriminator 1 view .LVU13
  85 000e 001B     		subs	r0, r0, r4
  16:Core/Src/main.c ****     while ((millis() - start) < ms)
  86              		.loc 1 16 31 discriminator 1 view .LVU14
  87 0010 A842     		cmp	r0, r5
  88 0012 FAD3     		bcc	.L5
  20:Core/Src/main.c **** }
  89              		.loc 1 20 1 view .LVU15
  90 0014 38BD     		pop	{r3, r4, r5, pc}
  91              		.loc 1 20 1 view .LVU16
  92              		.cfi_endproc
  93              	.LFE131:
ARM GAS  C:\Users\user\AppData\Local\Temp\cc2HMfNx.s 			page 3


  95              		.section	.text.main,"ax",%progbits
  96              		.align	1
  97              		.global	main
  98              		.syntax unified
  99              		.thumb
 100              		.thumb_func
 102              	main:
 103              	.LFB132:
  21:Core/Src/main.c **** 
  22:Core/Src/main.c **** int main(void)
  23:Core/Src/main.c **** {
 104              		.loc 1 23 1 is_stmt 1 view -0
 105              		.cfi_startproc
 106              		@ Volatile: function does not return.
 107              		@ args = 0, pretend = 0, frame = 0
 108              		@ frame_needed = 0, uses_anonymous_args = 0
 109 0000 08B5     		push	{r3, lr}
 110              	.LCFI1:
 111              		.cfi_def_cfa_offset 8
 112              		.cfi_offset 3, -8
 113              		.cfi_offset 14, -4
  24:Core/Src/main.c ****     Clock_Init_HSE_PLL_168MHz(); // настраиваем PLL от HSE → 168 МГц
 114              		.loc 1 24 5 view .LVU18
 115 0002 FFF7FEFF 		bl	Clock_Init_HSE_PLL_168MHz
 116              	.LVL4:
  25:Core/Src/main.c ****     SysTick_Init_1ms();          // заводим системный таймер на 1 мс
 117              		.loc 1 25 5 view .LVU19
 118 0006 FFF7FEFF 		bl	SysTick_Init_1ms
 119              	.LVL5:
  26:Core/Src/main.c ****     LEDs_GPIO_Init();            // твоя инициализация PD1,2,3,4,6,7
 120              		.loc 1 26 5 view .LVU20
 121 000a FFF7FEFF 		bl	LEDs_GPIO_Init
 122              	.LVL6:
  27:Core/Src/main.c ****     Buttons_GPIO_Init();         // PA0, PA5 как входы с pull-up
 123              		.loc 1 27 5 view .LVU21
 124 000e FFF7FEFF 		bl	Buttons_GPIO_Init
 125              	.LVL7:
  28:Core/Src/main.c ****     Buttons_EXTI_Init();         // EXTI0 и EXTI9_5
 126              		.loc 1 28 5 view .LVU22
 127 0012 FFF7FEFF 		bl	Buttons_EXTI_Init
 128              	.LVL8:
  29:Core/Src/main.c ****     Interrupts_InitState();      // начальное состояние логики
 129              		.loc 1 29 5 view .LVU23
 130 0016 FFF7FEFF 		bl	Interrupts_InitState
 131              	.LVL9:
  30:Core/Src/main.c ****     //__enable_irq(); // глобально включим прерывания
  31:Core/Src/main.c **** 
  32:Core/Src/main.c ****     /*Настройка тактирования, светодиода */
  33:Core/Src/main.c ****     SET_BIT(RCC->AHB1ENR, RCC_AHB1ENR_GPIOBEN | RCC_AHB1ENR_GPIOCEN | RCC_AHB1ENR_GPIOAEN);
 132              		.loc 1 33 5 view .LVU24
 133 001a 1E4A     		ldr	r2, .L10
 134 001c 136B     		ldr	r3, [r2, #48]
 135 001e 43F00703 		orr	r3, r3, #7
 136 0022 1363     		str	r3, [r2, #48]
  34:Core/Src/main.c **** 
  35:Core/Src/main.c ****     SET_BIT(RCC->AHB1ENR, RCC_AHB1ENR_GPIOBEN);
 137              		.loc 1 35 5 view .LVU25
ARM GAS  C:\Users\user\AppData\Local\Temp\cc2HMfNx.s 			page 4


 138 0024 136B     		ldr	r3, [r2, #48]
 139 0026 43F00203 		orr	r3, r3, #2
 140 002a 1363     		str	r3, [r2, #48]
  36:Core/Src/main.c ****     SET_BIT(GPIOB->MODER, GPIO_MODER_MODE7_0); /* 01 */
 141              		.loc 1 36 5 view .LVU26
 142 002c 1A49     		ldr	r1, .L10+4
 143 002e 0B68     		ldr	r3, [r1]
 144 0030 43F48043 		orr	r3, r3, #16384
 145 0034 0B60     		str	r3, [r1]
  37:Core/Src/main.c **** 
  38:Core/Src/main.c ****     /*-----------MCO2------------------------*/
  39:Core/Src/main.c **** 
  40:Core/Src/main.c ****     // Необхоидимо настроить пины на выход
  41:Core/Src/main.c **** 
  42:Core/Src/main.c ****     // Для PC9
  43:Core/Src/main.c ****     SET_BIT(RCC->AHB1ENR, RCC_AHB1ENR_GPIOCEN);
 146              		.loc 1 43 5 view .LVU27
 147 0036 136B     		ldr	r3, [r2, #48]
 148 0038 43F00403 		orr	r3, r3, #4
 149 003c 1363     		str	r3, [r2, #48]
  44:Core/Src/main.c ****     /* MODER: сначала очищаем, потом ставим 10b (AF) */
  45:Core/Src/main.c ****     CLEAR_BIT(GPIOC->MODER, GPIO_MODER_MODE9_Msk);
 150              		.loc 1 45 5 view .LVU28
 151 003e 174B     		ldr	r3, .L10+8
 152 0040 1968     		ldr	r1, [r3]
 153 0042 21F44021 		bic	r1, r1, #786432
 154 0046 1960     		str	r1, [r3]
  46:Core/Src/main.c ****     SET_BIT(GPIOC->MODER, GPIO_MODER_MODE9_1); // бит MODE9_1 = 1, MODE9_0 = 0 → 10b
 155              		.loc 1 46 5 view .LVU29
 156 0048 1968     		ldr	r1, [r3]
 157 004a 41F40021 		orr	r1, r1, #524288
 158 004e 1960     		str	r1, [r3]
  47:Core/Src/main.c **** 
  48:Core/Src/main.c ****     CLEAR_BIT(GPIOC->OTYPER, GPIO_OTYPER_OT9_Msk);
 159              		.loc 1 48 5 view .LVU30
 160 0050 5968     		ldr	r1, [r3, #4]
 161 0052 21F40071 		bic	r1, r1, #512
 162 0056 5960     		str	r1, [r3, #4]
  49:Core/Src/main.c ****     /* OSPEEDR: 11b = very high speed */
  50:Core/Src/main.c ****     CLEAR_BIT(GPIOC->OSPEEDR, GPIO_OSPEEDR_OSPEED9_Msk);
 163              		.loc 1 50 5 view .LVU31
 164 0058 9968     		ldr	r1, [r3, #8]
 165 005a 21F44021 		bic	r1, r1, #786432
 166 005e 9960     		str	r1, [r3, #8]
  51:Core/Src/main.c ****     SET_BIT(GPIOC->OSPEEDR, GPIO_OSPEEDR_OSPEED9_Msk);
 167              		.loc 1 51 5 view .LVU32
 168 0060 9968     		ldr	r1, [r3, #8]
 169 0062 41F44021 		orr	r1, r1, #786432
 170 0066 9960     		str	r1, [r3, #8]
  52:Core/Src/main.c ****     CLEAR_BIT(GPIOC->PUPDR, GPIO_PUPDR_PUPD9_Msk);
 171              		.loc 1 52 5 view .LVU33
 172 0068 D968     		ldr	r1, [r3, #12]
 173 006a 21F44021 		bic	r1, r1, #786432
 174 006e D960     		str	r1, [r3, #12]
  53:Core/Src/main.c ****     CLEAR_BIT(GPIOC->AFR[1], 0xFU << ((9U - 8U) * 4U)); // (9-8)*4 = 4, поле для PC9
 175              		.loc 1 53 5 view .LVU34
 176 0070 596A     		ldr	r1, [r3, #36]
ARM GAS  C:\Users\user\AppData\Local\Temp\cc2HMfNx.s 			page 5


 177 0072 21F0F001 		bic	r1, r1, #240
 178 0076 5962     		str	r1, [r3, #36]
  54:Core/Src/main.c ****     /* Сначала очищаем поля MCO2 и MCO2PRE */
  55:Core/Src/main.c **** 
  56:Core/Src/main.c ****     CLEAR_BIT(RCC->CFGR, RCC_CFGR_MCO2 | RCC_CFGR_MCO2PRE);
 179              		.loc 1 56 5 view .LVU35
 180 0078 9368     		ldr	r3, [r2, #8]
 181 007a 23F07843 		bic	r3, r3, #-134217728
 182 007e 9360     		str	r3, [r2, #8]
  57:Core/Src/main.c ****     /* Источник MCO2 = PLLCLK (MCO2[1:0] = 11b) */
  58:Core/Src/main.c ****     SET_BIT(RCC->CFGR, RCC_CFGR_MCO2_0 | RCC_CFGR_MCO2_1);
 183              		.loc 1 58 5 view .LVU36
 184 0080 9368     		ldr	r3, [r2, #8]
 185 0082 43F04043 		orr	r3, r3, #-1073741824
 186 0086 9360     		str	r3, [r2, #8]
  59:Core/Src/main.c ****     /* Предделитель MCO2PRE = /5 → 111b: ставим все три бита */
  60:Core/Src/main.c ****     SET_BIT(RCC->CFGR, RCC_CFGR_MCO2PRE_0 |
 187              		.loc 1 60 5 view .LVU37
 188 0088 9368     		ldr	r3, [r2, #8]
 189 008a 43F06053 		orr	r3, r3, #939524096
 190 008e 9360     		str	r3, [r2, #8]
 191              	.L8:
  61:Core/Src/main.c ****                            RCC_CFGR_MCO2PRE_1 |
  62:Core/Src/main.c ****                            RCC_CFGR_MCO2PRE_2);
  63:Core/Src/main.c **** 
  64:Core/Src/main.c ****     while (1)
 192              		.loc 1 64 5 view .LVU38
  65:Core/Src/main.c ****     {
  66:Core/Src/main.c ****         __WFI(); // просто ждём прерываний
 193              		.loc 1 66 9 discriminator 1 view .LVU39
 194              		.syntax unified
 195              	@ 66 "Core/Src/main.c" 1
 196 0090 30BF     		wfi
 197              	@ 0 "" 2
  64:Core/Src/main.c ****     {
 198              		.loc 1 64 11 view .LVU40
 199              		.thumb
 200              		.syntax unified
 201 0092 FDE7     		b	.L8
 202              	.L11:
 203              		.align	2
 204              	.L10:
 205 0094 00380240 		.word	1073887232
 206 0098 00040240 		.word	1073873920
 207 009c 00080240 		.word	1073874944
 208              		.cfi_endproc
 209              	.LFE132:
 211              		.global	g_msTicks
 212              		.section	.bss.g_msTicks,"aw",%nobits
 213              		.align	2
 216              	g_msTicks:
 217 0000 00000000 		.space	4
 218              		.section	.bss.g_blink_on,"aw",%nobits
 221              	g_blink_on:
 222 0000 00       		.space	1
 223              		.section	.bss.g_blink_timer,"aw",%nobits
 224              		.align	2
ARM GAS  C:\Users\user\AppData\Local\Temp\cc2HMfNx.s 			page 6


 227              	g_blink_timer:
 228 0000 00000000 		.space	4
 229              		.section	.bss.g_btn2_press_ms,"aw",%nobits
 230              		.align	2
 233              	g_btn2_press_ms:
 234 0000 00000000 		.space	4
 235              		.section	.bss.g_btn2_pressed,"aw",%nobits
 238              	g_btn2_pressed:
 239 0000 00       		.space	1
 240              		.section	.bss.g_btn2_last_time,"aw",%nobits
 241              		.align	2
 244              	g_btn2_last_time:
 245 0000 00000000 		.space	4
 246              		.section	.bss.g_btn1_last_time,"aw",%nobits
 247              		.align	2
 250              	g_btn1_last_time:
 251 0000 00000000 		.space	4
 252              		.text
 253              	.Letext0:
 254              		.file 2 "C:/Users/user/Desktop/Tools/xpack-arm-none-eabi-gcc-13.2.1-1.1/arm-none-eabi/include/mach
 255              		.file 3 "C:/Users/user/Desktop/Tools/xpack-arm-none-eabi-gcc-13.2.1-1.1/arm-none-eabi/include/sys/
 256              		.file 4 "Core/Inc/../../CMSIS/Devices/STM32F4xx/Inc/STM32F429ZI/stm32f429xx.h"
 257              		.file 5 "Core/Inc/Interrupt.h"
 258              		.file 6 "Core/Inc/init.h"
ARM GAS  C:\Users\user\AppData\Local\Temp\cc2HMfNx.s 			page 7


DEFINED SYMBOLS
                            *ABS*:00000000 main.c
C:\Users\user\AppData\Local\Temp\cc2HMfNx.s:21     .text.millis:00000000 $t
C:\Users\user\AppData\Local\Temp\cc2HMfNx.s:27     .text.millis:00000000 millis
C:\Users\user\AppData\Local\Temp\cc2HMfNx.s:43     .text.millis:00000008 $d
C:\Users\user\AppData\Local\Temp\cc2HMfNx.s:216    .bss.g_msTicks:00000000 g_msTicks
C:\Users\user\AppData\Local\Temp\cc2HMfNx.s:48     .text.delay_ms:00000000 $t
C:\Users\user\AppData\Local\Temp\cc2HMfNx.s:54     .text.delay_ms:00000000 delay_ms
C:\Users\user\AppData\Local\Temp\cc2HMfNx.s:96     .text.main:00000000 $t
C:\Users\user\AppData\Local\Temp\cc2HMfNx.s:102    .text.main:00000000 main
C:\Users\user\AppData\Local\Temp\cc2HMfNx.s:205    .text.main:00000094 $d
C:\Users\user\AppData\Local\Temp\cc2HMfNx.s:213    .bss.g_msTicks:00000000 $d
C:\Users\user\AppData\Local\Temp\cc2HMfNx.s:221    .bss.g_blink_on:00000000 g_blink_on
C:\Users\user\AppData\Local\Temp\cc2HMfNx.s:222    .bss.g_blink_on:00000000 $d
C:\Users\user\AppData\Local\Temp\cc2HMfNx.s:224    .bss.g_blink_timer:00000000 $d
C:\Users\user\AppData\Local\Temp\cc2HMfNx.s:227    .bss.g_blink_timer:00000000 g_blink_timer
C:\Users\user\AppData\Local\Temp\cc2HMfNx.s:230    .bss.g_btn2_press_ms:00000000 $d
C:\Users\user\AppData\Local\Temp\cc2HMfNx.s:233    .bss.g_btn2_press_ms:00000000 g_btn2_press_ms
C:\Users\user\AppData\Local\Temp\cc2HMfNx.s:238    .bss.g_btn2_pressed:00000000 g_btn2_pressed
C:\Users\user\AppData\Local\Temp\cc2HMfNx.s:239    .bss.g_btn2_pressed:00000000 $d
C:\Users\user\AppData\Local\Temp\cc2HMfNx.s:241    .bss.g_btn2_last_time:00000000 $d
C:\Users\user\AppData\Local\Temp\cc2HMfNx.s:244    .bss.g_btn2_last_time:00000000 g_btn2_last_time
C:\Users\user\AppData\Local\Temp\cc2HMfNx.s:247    .bss.g_btn1_last_time:00000000 $d
C:\Users\user\AppData\Local\Temp\cc2HMfNx.s:250    .bss.g_btn1_last_time:00000000 g_btn1_last_time

UNDEFINED SYMBOLS
Clock_Init_HSE_PLL_168MHz
SysTick_Init_1ms
LEDs_GPIO_Init
Buttons_GPIO_Init
Buttons_EXTI_Init
Interrupts_InitState
